18:59:24 **** Incremental Build of configuration Debug for project BareMetal_Validate ****
make -j8 all 
arm-none-eabi-gcc "../Core/Src/main.c" -mcpu=cortex-m4 -std=gnu11 -g3 -DDEBUG -DUSE_HAL_DRIVER -DSTM32L476xx -c -I../Core/Inc -I../Drivers/STM32L4xx_HAL_Driver/Inc -I../Drivers/STM32L4xx_HAL_Driver/Inc/Legacy -I../Drivers/CMSIS/Device/ST/STM32L4xx/Include -I../Drivers/CMSIS/Include -O0 -ffunction-sections -fdata-sections -Wall -fstack-usage -MMD -MP -MF"Core/Src/main.d" -MT"Core/Src/main.o" --specs=nano.specs -mfpu=fpv4-sp-d16 -mfloat-abi=hard -mthumb -o "Core/Src/main.o"
arm-none-eabi-gcc -o "BareMetal_Validate.elf" @"objects.list"   -mcpu=cortex-m4 -T"F:\engineering\codespace\IoTry\BareMetal_Validate\BareMetal_Validate\STM32L476RGTX_FLASH.ld" --specs=nosys.specs -Wl,-Map="BareMetal_Validate.map" -Wl,--gc-sections -static --specs=nano.specs -mfpu=fpv4-sp-d16 -mfloat-abi=hard -mthumb -Wl,--start-group -lc -lm -Wl,--end-group
Finished building target: BareMetal_Validate.elf
 
arm-none-eabi-size   BareMetal_Validate.elf 
arm-none-eabi-objdump -h -S  BareMetal_Validate.elf  > "BareMetal_Validate.list"
arm-none-eabi-objcopy  -O binary  BareMetal_Validate.elf  "BareMetal_Validate.bin"
   text	   data	    bss	    dec	    hex	filename
   6156	     20	   1572	   7748	   1e44	BareMetal_Validate.elf
Finished building: default.size.stdout
 
Finished building: BareMetal_Validate.bin
 
Finished building: BareMetal_Validate.list
 
